// Jest Snapshot v1, https://goo.gl/fbAQLP

exports[`Testing a Search Page Snapshot  1`] = `
<div>
  <h1>
    Search
  </h1>
  <hr />
  <div
    class="row"
  >
    <div
      class="col-5"
    >
      <h3>
        Searching
      </h3>
      <hr />
      <form>
        <input
          autocomplete="off"
          class="form-control"
          name="search"
          placeholder="Search Hero"
          type="text"
          value=""
        />
        <button
          class="btn mt-2 btn-primary"
          type="submit"
        >
          Search
        </button>
      </form>
    </div>
    <div
      class="col-7"
    >
      <h4
        aria-label="text-results"
        style="display: undefined;"
      >
        Results
      </h4>
      <hr />
    </div>
  </div>
</div>
`;
